Microchip MPLAB XC8 Compiler V1.34 ()

Linker command line:

--edf=C:\Program Files\Microchip\xc8\v1.34\dat\en_msgs.txt -cs \
  -h+dist/default/production\Modified_LV-Max_sonar.X.production.sym \
  --cmf=dist/default/production\Modified_LV-Max_sonar.X.production.cmf -z \
  -Q16F887 -oC:\Users\KONGWA~1\AppData\Local\Temp\s5vg.6 \
  -Mdist/default/production/Modified_LV-Max_sonar.X.production.map -E1 \
  -ver=XC8 -ASTACK=0110h-016fh -pstack=STACK -ACODE=00h-07FFhx4 \
  -ASTRCODE=00h-01FFFh -ASTRING=00h-0FFhx32 -ACONST=00h-0FFhx32 \
  -AENTRY=00h-0FFhx32 -ACOMMON=070h-07Fh -ABANK0=020h-06Fh \
  -ABANK1=0A0h-0EFh -ABANK2=0110h-016Fh -ABANK3=0190h-01EFh \
  -ARAM=020h-06Fh,0A0h-0EFh,0110h-016Fh,0190h-01EFh \
  -AABS1=020h-07Fh,0A0h-0EFh,0110h-016Fh,0190h-01EFh -ASFR0=00h-01Fh \
  -ASFR1=080h-09Fh -ASFR2=0100h-010Fh -ASFR3=0180h-018Fh \
  -preset_vec=00h,intentry=04h,init,end_init -ppowerup=CODE -pcinit=CODE \
  -pfunctab=CODE -ACONFIG=02007h-02008h -pconfig=CONFIG -DCONFIG=2 \
  -AIDLOC=02000h-02003h -pidloc=IDLOC -DIDLOC=2 -AEEDATA=00h-0FFh/02100h \
  -peeprom_data=EEDATA -DEEDATA=2 -DCODE=2 -DSTRCODE=2 -DSTRING=2 -DCONST=2 \
  -DENTRY=2 -k C:\Users\KONGWA~1\AppData\Local\Temp\s5vg.obj \
  dist/default/production\Modified_LV-Max_sonar.X.production.obj 

Object code version is 3.11

Machine type is 16F887



                Name                               Link     Load   Length Selector   Space Scale
C:\Users\KONGWA~1\AppData\Local\Temp\s5vg.obj
                end_init                             12       12        3        8       0
                reset_vec                             0        0        3        0       0
                config                             2007     2007        1     400E       0
dist/default/production\Modified_LV-Max_sonar.X.production.obj
                cinit                                15       15       1C        8       0
                intentry                              4        4        E        8       0
                text25                              6B0      6B0       28        8       0
                text24                              4EC      4EC       6E        8       0
                text23                              3A6      3A6       B8        8       0
                text22                              205      205       D3        8       0
                text21                              45E      45E       8E        8       0
                text20                              720      720       18      DF8       0
                text19                              738      738       10      DF8       0
                text18                              7AA      7AA        4      DF8       0
                text17                              55A      55A       3E        8       0
                text16                              64A      64A       34        8       0
                text15                              7A4      7A4        6      DF8       0
                text14                              762      762        D      DF8       0
                text13                              755      755        D      DF8       0
                text12                              598      598       3D        8       0
                text11                              76F      76F        C      DF8       0
                text10                              2D8      2D8       CE        8       0
                text9                               748      748        D      DF8       0
                text8                               786      786        B      DF8       0
                text7                               79B      79B        9      DF8       0
                text6                               611      611       39        8       0
                text5                               77B      77B        B      DF8       0
                text4                               5D5      5D5       3C        8       0
                text3                               6FC      6FC       24      DF8       0
                text2                               791      791        A      DF8       0
                text1                               67E      67E       32        8       0
                maintext                             31       31      1D4        8       0
                cstackBANK0                          20       20       48       20       1
                cstackCOMMON                         70       70        6       70       1
                bssBANK1                             A0       A0        A       A0       1
                bssBANK0                             68       68        8       20       1
                bssCOMMON                            76       76        4       70       1
                strings                             6D8      6D8       24      DB0       0

TOTAL           Name                               Link     Load   Length     Space
        CLASS   STACK          

        CLASS   CODE           
                end_init                             12       12        3         0
                cinit                                15       15       1C         0
                intentry                              4        4        E         0
                reset_vec                             0        0        3         0
                text25                              6B0      6B0       28         0
                text24                              4EC      4EC       6E         0
                text23                              3A6      3A6       B8         0
                text22                              205      205       D3         0
                text21                              45E      45E       8E         0
                text20                              720      720       18         0
                text19                              738      738       10         0
                text18                              7AA      7AA        4         0
                text17                              55A      55A       3E         0
                text16                              64A      64A       34         0
                text15                              7A4      7A4        6         0
                text14                              762      762        D         0
                text13                              755      755        D         0
                text12                              598      598       3D         0
                text11                              76F      76F        C         0
                text10                              2D8      2D8       CE         0
                text9                               748      748        D         0
                text8                               786      786        B         0
                text7                               79B      79B        9         0
                text6                               611      611       39         0
                text5                               77B      77B        B         0
                text4                               5D5      5D5       3C         0
                text3                               6FC      6FC       24         0
                text2                               791      791        A         0
                text1                               67E      67E       32         0
                maintext                             31       31      1D4         0

        CLASS   STRCODE        

        CLASS   STRING         
                strings                             6D8      6D8       24         0

        CLASS   CONST          

        CLASS   ENTRY          

        CLASS   COMMON         
                cstackCOMMON                         70       70        6         1
                bssCOMMON                            76       76        4         1

        CLASS   BANK0          
                cstackBANK0                          20       20       48         1
                bssBANK0                             68       68        8         1

        CLASS   BANK1          
                bssBANK1                             A0       A0        A         1

        CLASS   BANK2          

        CLASS   BANK3          

        CLASS   RAM            

        CLASS   ABS1           
                abs_s1                               7E       7E        2         1

        CLASS   SFR0           

        CLASS   SFR1           

        CLASS   SFR2           

        CLASS   SFR3           

        CLASS   CONFIG         
                config                             2007     2007        1         0

        CLASS   IDLOC          

        CLASS   EEDATA         



SEGMENTS        Name                           Load    Length   Top    Selector   Space  Class     Delta

                reset_vec                      000000  000003  000003         0       0  CODE        2
                intentry                       000004  0006D4  0006D8         8       0  CODE        2
                cstackBANK0                    000020  000050  000070        20       1  BANK0       1
                cstackCOMMON                   000070  00000A  00007A        70       1  COMMON      1
                bssBANK1                       0000A0  00000A  0000AA        A0       1  BANK1       1
                strings                        0006D8  000024  0006FC       DB0       0  STRING      2
                text3                          0006FC  0000B2  0007AE       DF8       0  CODE        2
                config                         002007  000001  002008      400E       0  CONFIG      2


UNUSED ADDRESS RANGES

        Name                Unused          Largest block    Delta
        BANK1            00AA-00EF             46           1
        BANK2            0110-016F             60           1
        BANK3            0190-01EF             60           1
        CODE             0003-0003              1           2
                         07AE-1FFF            800
        COMMON           007A-007D              4           1
        CONFIG           2008-2008              1           2
        CONST            0003-0003              1           2
                         07AE-1FFF            100
        EEDATA           2100-21FF            100           2
        ENTRY            0003-0003              1           2
                         07AE-1FFF            100
        IDLOC            2000-2003              4           2
        RAM              00AA-00EF             46           1
                         0110-016F             60
                         0190-01EF             60
        SFR0             0000-001F             20           1
        SFR1             0080-009F             20           1
        SFR2             0100-010F             10           1
        SFR3             0180-018F             10           1
        STACK            0110-016F             60           1
        STRCODE          0003-0003              1           2
                         07AE-1FFF           1852
        STRING           0003-0003              1           2
                         07AE-1FFF            100

                                  Symbol Table

?___ftdiv                 cstackBANK0  003C
?___ftmul                 cstackBANK0  002C
?___ftpack                cstackBANK0  0020
?___fttol                 cstackBANK0  004C
?___lwdiv                 cstackBANK0  0020
?___lwmod                 cstackBANK0  0020
?___lwtoft                cstackBANK0  0028
?_ui_adc_read             cstackBANK0  0020
_ADCS0                    (abs)        00FE
_ADCS1                    (abs)        00FF
_ADFM                     (abs)        04FF
_ADON                     (abs)        00F8
_ADRESH                   (abs)        001E
_ADRESL                   (abs)        009E
_ANS0                     (abs)        0C40
_ANSELH                   (abs)        0189
_BRG16                    (abs)        0C3B
_BRGH                     (abs)        04C2
_CHS0                     (abs)        00FA
_CHS1                     (abs)        00FB
_CHS2                     (abs)        00FC
_CREN                     (abs)        00C4
_GIE                      (abs)        005F
_GO                       (abs)        00F9
_IOCB0                    (abs)        04B0
_IOCB1                    (abs)        04B1
_IOCB2                    (abs)        04B2
_IOCB3                    (abs)        04B3
_IOCB4                    (abs)        04B4
_IOCB5                    (abs)        04B5
_IOCB6                    (abs)        04B6
_IOCB7                    (abs)        04B7
_OERR                     (abs)        00C1
_PEIE                     (abs)        005E
_PORTA                    (abs)        0005
_PORTB                    (abs)        0006
_PORTC                    (abs)        0007
_PORTD                    (abs)        0008
_PS0                      (abs)        0408
_PS1                      (abs)        0409
_PS2                      (abs)        040A
_PSA                      (abs)        040B
_RB0                      (abs)        0030
_RB2                      (abs)        0032
_RB4                      (abs)        0034
_RB5                      (abs)        0035
_RBIE                     (abs)        005B
_RBIF                     (abs)        0058
_RC6                      (abs)        003E
_RCIF                     (abs)        0065
_RCREG                    (abs)        001A
_RX9                      (abs)        00C6
_SPBRG                    (abs)        0099
_SPEN                     (abs)        00C7
_SYNC                     (abs)        04C4
_T0CS                     (abs)        040D
_T0IE                     (abs)        005D
_T0IF                     (abs)        005A
_TH                       bssBANK0     006E
_TMR0                     (abs)        0001
_TRISA                    (abs)        0085
_TRISB                    (abs)        0086
_TRISC                    (abs)        0087
_TRISD                    (abs)        0088
_TX9                      (abs)        04C6
_TXEN                     (abs)        04C5
_TXIF                     (abs)        0064
_TXREG                    (abs)        0019
_To                       bssCOMMON    0078
_VCFG0                    (abs)        04FC
_VCFG1                    (abs)        04FD
_WPUB                     (abs)        0095
__CFG_BOREN$OFF           (abs)        0000
__CFG_FOSC$HS             (abs)        0000
__CFG_LVP$OFF             (abs)        0000
__CFG_PWRTE$ON            (abs)        0000
__CFG_WDTE$OFF            (abs)        0000
__Habs1                   abs1         0000
__Hbank0                  bank0        0000
__Hbank1                  bank1        0000
__Hbank2                  bank2        0000
__Hbank3                  bank3        0000
__HbssBANK0               bssBANK0     0000
__HbssBANK1               bssBANK1     0000
__HbssCOMMON              bssCOMMON    0000
__Hcinit                  cinit        0031
__Hclrtext                clrtext      0000
__Hcode                   code         0000
__Hcommon                 common       0000
__Hconfig                 config       2008
__HcstackBANK0            cstackBANK0  0000
__HcstackCOMMON           cstackCOMMON 0000
__Heeprom_data            eeprom_data  0000
__Hend_init               end_init     0015
__Hfunctab                functab      0000
__Hidloc                  idloc        0000
__Hinit                   init         0012
__Hintentry               intentry     0012
__Hmaintext               maintext     0000
__Hpowerup                powerup      0000
__Hram                    ram          0000
__Hreset_vec              reset_vec    0003
__Hsfr0                   sfr0         0000
__Hsfr1                   sfr1         0000
__Hsfr2                   sfr2         0000
__Hsfr3                   sfr3         0000
__Hspace_0                (abs)        2008
__Hspace_1                (abs)        00AA
__Hspace_2                (abs)        0000
__Hspace_3                (abs)        0000
__Hstack                  stack        0000
__Hstrings                strings      0000
__Htext                   text         0000
__Labs1                   abs1         0000
__Lbank0                  bank0        0000
__Lbank1                  bank1        0000
__Lbank2                  bank2        0000
__Lbank3                  bank3        0000
__LbssBANK0               bssBANK0     0000
__LbssBANK1               bssBANK1     0000
__LbssCOMMON              bssCOMMON    0000
__Lcinit                  cinit        0015
__Lclrtext                clrtext      0000
__Lcode                   code         0000
__Lcommon                 common       0000
__Lconfig                 config       2007
__LcstackBANK0            cstackBANK0  0000
__LcstackCOMMON           cstackCOMMON 0000
__Leeprom_data            eeprom_data  0000
__Lend_init               end_init     0012
__Lfunctab                functab      0000
__Lidloc                  idloc        0000
__Linit                   init         0012
__Lintentry               intentry     0004
__Lmaintext               maintext     0000
__Lpowerup                powerup      0000
__Lram                    ram          0000
__Lreset_vec              reset_vec    0000
__Lsfr0                   sfr0         0000
__Lsfr1                   sfr1         0000
__Lsfr2                   sfr2         0000
__Lsfr3                   sfr3         0000
__Lspace_0                (abs)        0000
__Lspace_1                (abs)        0000
__Lspace_2                (abs)        0000
__Lspace_3                (abs)        0000
__Lstack                  stack        0000
__Lstrings                strings      0000
__Ltext                   text         0000
__S0                      (abs)        2008
__S1                      (abs)        00AA
__S2                      (abs)        0000
__S3                      (abs)        0000
___ftdiv                  text23       03A6
___ftdiv@cntr             cstackBANK0  0046
___ftdiv@exp              cstackBANK0  004A
___ftdiv@f1               cstackBANK0  003F
___ftdiv@f2               cstackBANK0  003C
___ftdiv@f3               cstackBANK0  0047
___ftdiv@sign             cstackBANK0  004B
___ftmul                  text22       0205
___ftmul@cntr             cstackBANK0  003A
___ftmul@exp              cstackBANK0  0036
___ftmul@f1               cstackBANK0  002C
___ftmul@f2               cstackBANK0  002F
___ftmul@f3_as_product    cstackBANK0  0037
___ftmul@sign             cstackBANK0  003B
___ftpack                 text24       04EC
___ftpack@arg             cstackBANK0  0020
___ftpack@exp             cstackBANK0  0023
___ftpack@sign            cstackBANK0  0024
___fttol                  text21       045E
___fttol@exp1             cstackBANK0  0059
___fttol@f1               cstackBANK0  004C
___fttol@lval             cstackBANK0  0055
___fttol@sign1            cstackBANK0  0054
___int_sp                 stack        0000
___latbits                (abs)        0002
___lwdiv                  text17       055A
___lwdiv@counter          cstackBANK0  0025
___lwdiv@dividend         cstackBANK0  0022
___lwdiv@divisor          cstackBANK0  0020
___lwdiv@quotient         cstackBANK0  0026
___lwmod                  text16       064A
___lwmod@counter          cstackBANK0  0025
___lwmod@dividend         cstackBANK0  0022
___lwmod@divisor          cstackBANK0  0020
___lwtoft                 text20       0720
___lwtoft@c               cstackBANK0  0028
___sp                     stack        0000
__end_of___ftdiv          text23       045E
__end_of___ftmul          text22       02D8
__end_of___ftpack         text24       055A
__end_of___fttol          text21       04EC
__end_of___lwdiv          text17       0598
__end_of___lwmod          text16       067E
__end_of___lwtoft         text20       0738
__end_of__initialization  cinit        002D
__end_of__stringtab       strings      06DE
__end_of_adc_initialize   text19       0748
__end_of_adc_on           text18       07AE
__end_of_isr              text25       06D8
__end_of_lcd_2ndline      text5        0786
__end_of_lcd_bcd          text10       03A6
__end_of_lcd_clear        text7        07A4
__end_of_lcd_goto         text9        0755
__end_of_lcd_home         text8        0791
__end_of_lcd_initialize   text6        064A
__end_of_lcd_putchar      text11       077B
__end_of_lcd_putstr       text4        0611
__end_of_main             maintext     0205
__end_of_send_lcd_data    text12       05D5
__end_of_set_lcd_data     text15       07AA
__end_of_set_lcd_e        text14       076F
__end_of_set_lcd_rs       text13       0762
__end_of_uart_initialize  text3        0720
__end_of_uc_uart_receive  text2        079B
__end_of_ui_adc_read      text1        06B0
__initialization          cinit        0015
__pbssBANK0               bssBANK0     0068
__pbssBANK1               bssBANK1     00A0
__pbssCOMMON              bssCOMMON    0076
__pcstackBANK0            cstackBANK0  0020
__pcstackCOMMON           cstackCOMMON 0070
__pintentry               intentry     0004
__pmaintext               maintext     0031
__pstrings                strings      06D8
__ptext1                  text1        067E
__ptext10                 text10       02D8
__ptext11                 text11       076F
__ptext12                 text12       0598
__ptext13                 text13       0755
__ptext14                 text14       0762
__ptext15                 text15       07A4
__ptext16                 text16       064A
__ptext17                 text17       055A
__ptext18                 text18       07AA
__ptext19                 text19       0738
__ptext2                  text2        0791
__ptext20                 text20       0720
__ptext21                 text21       045E
__ptext22                 text22       0205
__ptext23                 text23       03A6
__ptext24                 text24       04EC
__ptext25                 text25       06B0
__ptext3                  text3        06FC
__ptext4                  text4        05D5
__ptext5                  text5        077B
__ptext6                  text6        0611
__ptext7                  text7        079B
__ptext8                  text8        0786
__ptext9                  text9        0748
__size_of___ftdiv         (abs)        0000
__size_of___ftmul         (abs)        0000
__size_of___ftpack        (abs)        0000
__size_of___fttol         (abs)        0000
__size_of___lwdiv         (abs)        0000
__size_of___lwmod         (abs)        0000
__size_of___lwtoft        (abs)        0000
__size_of_adc_initialize  (abs)        0000
__size_of_adc_on          (abs)        0000
__size_of_isr             (abs)        0000
__size_of_lcd_2ndline     (abs)        0000
__size_of_lcd_bcd         (abs)        0000
__size_of_lcd_clear       (abs)        0000
__size_of_lcd_goto        (abs)        0000
__size_of_lcd_home        (abs)        0000
__size_of_lcd_initialize  (abs)        0000
__size_of_lcd_putchar     (abs)        0000
__size_of_lcd_putstr      (abs)        0000
__size_of_main            (abs)        0000
__size_of_send_lcd_data   (abs)        0000
__size_of_set_lcd_data    (abs)        0000
__size_of_set_lcd_e       (abs)        0000
__size_of_set_lcd_rs      (abs)        0000
__size_of_uart_initialize (abs)        0000
__size_of_uc_uart_receive (abs)        0000
__size_of_ui_adc_read     (abs)        0000
__stringbase              strings      06DD
__stringtab               strings      06D8
_adc_initialize           text19       0738
_adc_on                   text18       07AA
_data                     bssBANK0     0068
_isr                      text25       06B0
_lcd_2ndline              text5        077B
_lcd_bcd                  text10       02D8
_lcd_clear                text7        079B
_lcd_goto                 text9        0748
_lcd_home                 text8        0786
_lcd_initialize           text6        0611
_lcd_putchar              text11       076F
_lcd_putstr               text4        05D5
_main                     maintext     0031
_send_lcd_data            text12       0598
_set_lcd_data             text15       07A4
_set_lcd_e                text14       0762
_set_lcd_rs               text13       0755
_uart_initialize          text3        06FC
_uc_uart_receive          text2        0791
_ui_adc_read              text1        067E
btemp                     (abs)        007E
end_of_initialization     cinit        002D
interrupt_function        intentry     0004
intlevel0                 functab      0000
intlevel1                 functab      0000
intlevel2                 functab      0000
intlevel3                 functab      0000
intlevel4                 functab      0000
intlevel5                 functab      0000
lcd_bcd@F1683             bssBANK1     00A0
lcd_bcd@uc_digit          cstackBANK0  0038
lcd_bcd@ui_decimal        cstackBANK0  002E
lcd_bcd@ui_number         cstackBANK0  0028
lcd_goto@uc_position      cstackBANK0  0026
lcd_putchar@c_data        cstackBANK0  0026
lcd_putstr@csz_string     cstackBANK0  0028
ltemp                     (abs)        007E
ltemp0                    (abs)        007E
ltemp1                    (abs)        0082
ltemp2                    (abs)        0086
ltemp3                    (abs)        0080
main@adc_value            cstackBANK0  0066
main@j                    cstackBANK0  005F
main@k                    cstackBANK0  0060
main@l                    cstackBANK0  0062
main@mode                 cstackBANK0  005E
main@range_an             cstackBANK0  005C
main@range_pwm            cstackBANK0  0064
reset_vec                 reset_vec    0000
saved_w                   (abs)        007E
send_lcd_data@b_rs        cstackBANK0  0024
send_lcd_data@uc_data     cstackBANK0  0021
set_lcd_data@uc_data      cstackBANK0  0020
set_lcd_e@b_output        cstackBANK0  0020
set_lcd_rs@b_output       cstackBANK0  0020
stackhi                   (abs)        0000
stacklo                   (abs)        0000
start                     init         0012
start_initialization      cinit        0015
ttemp                     (abs)        007E
ttemp0                    (abs)        007E
ttemp1                    (abs)        0081
ttemp2                    (abs)        0084
ttemp3                    (abs)        0087
ttemp4                    (abs)        007F
uart_initialize@dummy     cstackBANK0  0021
ui_adc_read@pot           cstackBANK0  0024
wtemp                     (abs)        007E
wtemp0                    (abs)        007E
wtemp1                    (abs)        0080
wtemp2                    (abs)        0082
wtemp3                    (abs)        0084
wtemp4                    (abs)        0086
wtemp5                    (abs)        0088
wtemp6                    (abs)        007F


FUNCTION INFORMATION:

 *************** function _main *****************
 Defined at:
		line 57 in file "../../Downloads/Project_6/H_RProject_6.c"
 Parameters:    Size  Location     Type
		None
 Auto vars:     Size  Location     Type
  adc_value       2   70[BANK0 ] unsigned int 
  range_an        2   60[BANK0 ] unsigned int 
  j               1   63[BANK0 ] unsigned char 
  range_pwm       2   68[BANK0 ] unsigned int 
  l               2   66[BANK0 ] unsigned int 
  k               2   64[BANK0 ] unsigned int 
  value           2    0        unsigned int 
  mode            1   62[BANK0 ] unsigned char 
 Return value:  Size  Location     Type
		None               void
 Registers used:
		wreg, fsr0l, fsr0h, status,2, status,0, btemp+1, pclath, cstack
 Tracked objects:
		On entry : 
		On exit  : 
		Unchanged: 
 Data sizes:     COMMON   BANK0   BANK1   BANK3   BANK2
      Params:         0       0       0       0       0
      Locals:         0      12       0       0       0
      Temps:          0       2       0       0       0
      Totals:         0      14       0       0       0
Total ram usage:       14 bytes
 Hardware stack levels required when called:    5
 This function calls:
		___ftdiv
		___ftmul
		___fttol
		___lwdiv
		___lwtoft
		_adc_initialize
		_adc_on
		_lcd_2ndline
		_lcd_bcd
		_lcd_goto
		_lcd_home
		_lcd_initialize
		_lcd_putstr
		_send_lcd_data
		_uart_initialize
		_uc_uart_receive
		_ui_adc_read
 This function is called by:
		Startup code after reset
 This function uses a non-reentrant model


 *************** function _ui_adc_read *****************
 Defined at:
		line 105 in file "../../KJ/Project_6/adc.c"
 Parameters:    Size  Location     Type
		None
 Auto vars:     Size  Location     Type
  pot             2    4[BANK0 ] unsigned int 
 Return value:  Size  Location     Type
                  2    0[BANK0 ] unsigned int 
 Registers used:
		wreg, status,2, btemp+1
 Tracked objects:
		On entry : 
		On exit  : 
		Unchanged: 
 Data sizes:     COMMON   BANK0   BANK1   BANK3   BANK2
      Params:         0       2       0       0       0
      Locals:         0       2       0       0       0
      Temps:          0       2       0       0       0
      Totals:         0       6       0       0       0
Total ram usage:        6 bytes
 Hardware stack levels used:    1
 Hardware stack levels required when called:    1
 This function calls:
		Nothing
 This function is called by:
		_main
 This function uses a non-reentrant model


 *************** function _uc_uart_receive *****************
 Defined at:
		line 87 in file "../../KJ/Project_6/uart.c"
 Parameters:    Size  Location     Type
		None
 Auto vars:     Size  Location     Type
		None
 Return value:  Size  Location     Type
                  1    wreg      unsigned char 
 Registers used:
		wreg
 Tracked objects:
		On entry : 
		On exit  : 
		Unchanged: 
 Data sizes:     COMMON   BANK0   BANK1   BANK3   BANK2
      Params:         0       0       0       0       0
      Locals:         0       0       0       0       0
      Temps:          0       0       0       0       0
      Totals:         0       0       0       0       0
Total ram usage:        0 bytes
 Hardware stack levels used:    1
 Hardware stack levels required when called:    1
 This function calls:
		Nothing
 This function is called by:
		_main
 This function uses a non-reentrant model


 *************** function _uart_initialize *****************
 Defined at:
		line 28 in file "../../KJ/Project_6/uart.c"
 Parameters:    Size  Location     Type
		None
 Auto vars:     Size  Location     Type
  dummy           1    1[BANK0 ] unsigned char 
 Return value:  Size  Location     Type
		None               void
 Registers used:
		wreg, status,2
 Tracked objects:
		On entry : 
		On exit  : 
		Unchanged: 
 Data sizes:     COMMON   BANK0   BANK1   BANK3   BANK2
      Params:         0       0       0       0       0
      Locals:         0       1       0       0       0
      Temps:          0       1       0       0       0
      Totals:         0       2       0       0       0
Total ram usage:        2 bytes
 Hardware stack levels used:    1
 Hardware stack levels required when called:    1
 This function calls:
		Nothing
 This function is called by:
		_main
 This function uses a non-reentrant model


 *************** function _lcd_putstr *****************
 Defined at:
		line 241 in file "../../KJ/Project_6/lcd.c"
 Parameters:    Size  Location     Type
  csz_string      1    wreg     PTR const unsigned char 
		 -> STR_5(8), STR_4(7), STR_3(7), STR_2(3), 
		 -> STR_1(5), 
 Auto vars:     Size  Location     Type
  csz_string      1    8[BANK0 ] PTR const unsigned char 
		 -> STR_5(8), STR_4(7), STR_3(7), STR_2(3), 
		 -> STR_1(5), 
 Return value:  Size  Location     Type
		None               void
 Registers used:
		wreg, fsr0l, fsr0h, status,2, status,0, pclath, cstack
 Tracked objects:
		On entry : 
		On exit  : 
		Unchanged: 
 Data sizes:     COMMON   BANK0   BANK1   BANK3   BANK2
      Params:         0       0       0       0       0
      Locals:         0       1       0       0       0
      Temps:          0       1       0       0       0
      Totals:         0       2       0       0       0
Total ram usage:        2 bytes
 Hardware stack levels used:    1
 Hardware stack levels required when called:    4
 This function calls:
		_lcd_2ndline
		_lcd_putchar
 This function is called by:
		_main
 This function uses a non-reentrant model


 *************** function _lcd_2ndline *****************
 Defined at:
		line 178 in file "../../KJ/Project_6/lcd.c"
 Parameters:    Size  Location     Type
		None
 Auto vars:     Size  Location     Type
		None
 Return value:  Size  Location     Type
		None               void
 Registers used:
		wreg, status,2, status,0, pclath, cstack
 Tracked objects:
		On entry : 
		On exit  : 
		Unchanged: 
 Data sizes:     COMMON   BANK0   BANK1   BANK3   BANK2
      Params:         0       0       0       0       0
      Locals:         0       0       0       0       0
      Temps:          0       1       0       0       0
      Totals:         0       1       0       0       0
Total ram usage:        1 bytes
 Hardware stack levels used:    1
 Hardware stack levels required when called:    3
 This function calls:
		_send_lcd_data
 This function is called by:
		_lcd_putstr
		_main
 This function uses a non-reentrant model


 *************** function _lcd_initialize *****************
 Defined at:
		line 100 in file "../../KJ/Project_6/lcd.c"
 Parameters:    Size  Location     Type
		None
 Auto vars:     Size  Location     Type
		None
 Return value:  Size  Location     Type
		None               void
 Registers used:
		wreg, status,2, status,0, pclath, cstack
 Tracked objects:
		On entry : 
		On exit  : 
		Unchanged: 
 Data sizes:     COMMON   BANK0   BANK1   BANK3   BANK2
      Params:         0       0       0       0       0
      Locals:         0       0       0       0       0
      Temps:          0       2       0       0       0
      Totals:         0       2       0       0       0
Total ram usage:        2 bytes
 Hardware stack levels used:    1
 Hardware stack levels required when called:    4
 This function calls:
		_lcd_clear
		_send_lcd_data
		_set_lcd_e
 This function is called by:
		_main
 This function uses a non-reentrant model


 *************** function _lcd_clear *****************
 Defined at:
		line 136 in file "../../KJ/Project_6/lcd.c"
 Parameters:    Size  Location     Type
		None
 Auto vars:     Size  Location     Type
		None
 Return value:  Size  Location     Type
		None               void
 Registers used:
		wreg, status,2, status,0, pclath, cstack
 Tracked objects:
		On entry : 
		On exit  : 
		Unchanged: 
 Data sizes:     COMMON   BANK0   BANK1   BANK3   BANK2
      Params:         0       0       0       0       0
      Locals:         0       0       0       0       0
      Temps:          0       0       0       0       0
      Totals:         0       0       0       0       0
Total ram usage:        0 bytes
 Hardware stack levels used:    1
 Hardware stack levels required when called:    3
 This function calls:
		_send_lcd_data
 This function is called by:
		_lcd_initialize
 This function uses a non-reentrant model


 *************** function _lcd_home *****************
 Defined at:
		line 157 in file "../../KJ/Project_6/lcd.c"
 Parameters:    Size  Location     Type
		None
 Auto vars:     Size  Location     Type
		None
 Return value:  Size  Location     Type
		None               void
 Registers used:
		wreg, status,2, status,0, pclath, cstack
 Tracked objects:
		On entry : 
		On exit  : 
		Unchanged: 
 Data sizes:     COMMON   BANK0   BANK1   BANK3   BANK2
      Params:         0       0       0       0       0
      Locals:         0       0       0       0       0
      Temps:          0       1       0       0       0
      Totals:         0       1       0       0       0
Total ram usage:        1 bytes
 Hardware stack levels used:    1
 Hardware stack levels required when called:    3
 This function calls:
		_send_lcd_data
 This function is called by:
		_main
 This function uses a non-reentrant model


 *************** function _lcd_goto *****************
 Defined at:
		line 199 in file "../../KJ/Project_6/lcd.c"
 Parameters:    Size  Location     Type
  uc_position     1    wreg     unsigned char 
 Auto vars:     Size  Location     Type
  uc_position     1    6[BANK0 ] unsigned char 
 Return value:  Size  Location     Type
		None               void
 Registers used:
		wreg, status,2, status,0, pclath, cstack
 Tracked objects:
		On entry : 
		On exit  : 
		Unchanged: 
 Data sizes:     COMMON   BANK0   BANK1   BANK3   BANK2
      Params:         0       0       0       0       0
      Locals:         0       1       0       0       0
      Temps:          0       1       0       0       0
      Totals:         0       2       0       0       0
Total ram usage:        2 bytes
 Hardware stack levels used:    1
 Hardware stack levels required when called:    3
 This function calls:
		_send_lcd_data
 This function is called by:
		_main
 This function uses a non-reentrant model


 *************** function _lcd_bcd *****************
 Defined at:
		line 274 in file "../../KJ/Project_6/lcd.c"
 Parameters:    Size  Location     Type
  uc_digit        1    wreg     unsigned char 
  ui_number       2    8[BANK0 ] unsigned int 
 Auto vars:     Size  Location     Type
  uc_digit        1   24[BANK0 ] unsigned char 
  ui_decimal     10   14[BANK0 ] unsigned int [5]
 Return value:  Size  Location     Type
		None               void
 Registers used:
		wreg, fsr0l, fsr0h, status,2, status,0, pclath, cstack
 Tracked objects:
		On entry : 
		On exit  : 
		Unchanged: 
 Data sizes:     COMMON   BANK0   BANK1   BANK3   BANK2
      Params:         0       2       0       0       0
      Locals:         0      11       0       0       0
      Temps:          0       4       0       0       0
      Totals:         0      17       0       0       0
Total ram usage:       17 bytes
 Hardware stack levels used:    1
 Hardware stack levels required when called:    4
 This function calls:
		___lwdiv
		___lwmod
		_lcd_putchar
 This function is called by:
		_main
 This function uses a non-reentrant model


 *************** function _lcd_putchar *****************
 Defined at:
		line 220 in file "../../KJ/Project_6/lcd.c"
 Parameters:    Size  Location     Type
  c_data          1    wreg     unsigned char 
 Auto vars:     Size  Location     Type
  c_data          1    6[BANK0 ] unsigned char 
 Return value:  Size  Location     Type
		None               void
 Registers used:
		wreg, status,2, status,0, pclath, cstack
 Tracked objects:
		On entry : 
		On exit  : 
		Unchanged: 
 Data sizes:     COMMON   BANK0   BANK1   BANK3   BANK2
      Params:         0       0       0       0       0
      Locals:         0       1       0       0       0
      Temps:          0       1       0       0       0
      Totals:         0       2       0       0       0
Total ram usage:        2 bytes
 Hardware stack levels used:    1
 Hardware stack levels required when called:    3
 This function calls:
		_send_lcd_data
 This function is called by:
		_lcd_putstr
		_lcd_bcd
 This function uses a non-reentrant model


 *************** function _send_lcd_data *****************
 Defined at:
		line 308 in file "../../KJ/Project_6/lcd.c"
 Parameters:    Size  Location     Type
  b_rs            1    wreg     unsigned char 
  uc_data         1    1[BANK0 ] unsigned char 
 Auto vars:     Size  Location     Type
  b_rs            1    4[BANK0 ] unsigned char 
 Return value:  Size  Location     Type
		None               void
 Registers used:
		wreg, status,2, status,0, pclath, cstack
 Tracked objects:
		On entry : 
		On exit  : 
		Unchanged: 
 Data sizes:     COMMON   BANK0   BANK1   BANK3   BANK2
      Params:         0       1       0       0       0
      Locals:         0       1       0       0       0
      Temps:          0       2       0       0       0
      Totals:         0       4       0       0       0
Total ram usage:        4 bytes
 Hardware stack levels used:    1
 Hardware stack levels required when called:    2
 This function calls:
		_set_lcd_data
		_set_lcd_e
		_set_lcd_rs
 This function is called by:
		_lcd_initialize
		_lcd_clear
		_lcd_home
		_lcd_2ndline
		_lcd_goto
		_lcd_putchar
		_main
 This function uses a non-reentrant model


 *************** function _set_lcd_rs *****************
 Defined at:
		line 360 in file "../../KJ/Project_6/lcd.c"
 Parameters:    Size  Location     Type
  b_output        1    wreg     unsigned char 
 Auto vars:     Size  Location     Type
  b_output        1    0[BANK0 ] unsigned char 
 Return value:  Size  Location     Type
		None               void
 Registers used:
		wreg
 Tracked objects:
		On entry : 
		On exit  : 
		Unchanged: 
 Data sizes:     COMMON   BANK0   BANK1   BANK3   BANK2
      Params:         0       0       0       0       0
      Locals:         0       1       0       0       0
      Temps:          0       0       0       0       0
      Totals:         0       1       0       0       0
Total ram usage:        1 bytes
 Hardware stack levels used:    1
 Hardware stack levels required when called:    1
 This function calls:
		Nothing
 This function is called by:
		_send_lcd_data
 This function uses a non-reentrant model


 *************** function _set_lcd_e *****************
 Defined at:
		line 340 in file "../../KJ/Project_6/lcd.c"
 Parameters:    Size  Location     Type
  b_output        1    wreg     unsigned char 
 Auto vars:     Size  Location     Type
  b_output        1    0[BANK0 ] unsigned char 
 Return value:  Size  Location     Type
		None               void
 Registers used:
		wreg
 Tracked objects:
		On entry : 
		On exit  : 
		Unchanged: 
 Data sizes:     COMMON   BANK0   BANK1   BANK3   BANK2
      Params:         0       0       0       0       0
      Locals:         0       1       0       0       0
      Temps:          0       0       0       0       0
      Totals:         0       1       0       0       0
Total ram usage:        1 bytes
 Hardware stack levels used:    1
 Hardware stack levels required when called:    1
 This function calls:
		Nothing
 This function is called by:
		_lcd_initialize
		_send_lcd_data
 This function uses a non-reentrant model


 *************** function _set_lcd_data *****************
 Defined at:
		line 380 in file "../../KJ/Project_6/lcd.c"
 Parameters:    Size  Location     Type
  uc_data         1    wreg     unsigned char 
 Auto vars:     Size  Location     Type
  uc_data         1    0[BANK0 ] unsigned char 
 Return value:  Size  Location     Type
		None               void
 Registers used:
		wreg
 Tracked objects:
		On entry : 
		On exit  : 
		Unchanged: 
 Data sizes:     COMMON   BANK0   BANK1   BANK3   BANK2
      Params:         0       0       0       0       0
      Locals:         0       1       0       0       0
      Temps:          0       0       0       0       0
      Totals:         0       1       0       0       0
Total ram usage:        1 bytes
 Hardware stack levels used:    1
 Hardware stack levels required when called:    1
 This function calls:
		Nothing
 This function is called by:
		_send_lcd_data
 This function uses a non-reentrant model


 *************** function ___lwmod *****************
 Defined at:
		line 6 in file "C:\Program Files\Microchip\xc8\v1.34\sources\common\lwmod.c"
 Parameters:    Size  Location     Type
  divisor         2    0[BANK0 ] unsigned int 
  dividend        2    2[BANK0 ] unsigned int 
 Auto vars:     Size  Location     Type
  counter         1    5[BANK0 ] unsigned char 
 Return value:  Size  Location     Type
                  2    0[BANK0 ] unsigned int 
 Registers used:
		wreg, status,2, status,0
 Tracked objects:
		On entry : 
		On exit  : 
		Unchanged: 
 Data sizes:     COMMON   BANK0   BANK1   BANK3   BANK2
      Params:         0       4       0       0       0
      Locals:         0       1       0       0       0
      Temps:          0       1       0       0       0
      Totals:         0       6       0       0       0
Total ram usage:        6 bytes
 Hardware stack levels used:    1
 Hardware stack levels required when called:    1
 This function calls:
		Nothing
 This function is called by:
		_lcd_bcd
 This function uses a non-reentrant model


 *************** function ___lwdiv *****************
 Defined at:
		line 6 in file "C:\Program Files\Microchip\xc8\v1.34\sources\common\lwdiv.c"
 Parameters:    Size  Location     Type
  divisor         2    0[BANK0 ] unsigned int 
  dividend        2    2[BANK0 ] unsigned int 
 Auto vars:     Size  Location     Type
  quotient        2    6[BANK0 ] unsigned int 
  counter         1    5[BANK0 ] unsigned char 
 Return value:  Size  Location     Type
                  2    0[BANK0 ] unsigned int 
 Registers used:
		wreg, status,2, status,0
 Tracked objects:
		On entry : 
		On exit  : 
		Unchanged: 
 Data sizes:     COMMON   BANK0   BANK1   BANK3   BANK2
      Params:         0       4       0       0       0
      Locals:         0       3       0       0       0
      Temps:          0       1       0       0       0
      Totals:         0       8       0       0       0
Total ram usage:        8 bytes
 Hardware stack levels used:    1
 Hardware stack levels required when called:    1
 This function calls:
		Nothing
 This function is called by:
		_lcd_bcd
		_main
 This function uses a non-reentrant model


 *************** function _adc_on *****************
 Defined at:
		line 62 in file "../../KJ/Project_6/adc.c"
 Parameters:    Size  Location     Type
		None
 Auto vars:     Size  Location     Type
		None
 Return value:  Size  Location     Type
		None               void
 Registers used:
		None
 Tracked objects:
		On entry : 
		On exit  : 
		Unchanged: 
 Data sizes:     COMMON   BANK0   BANK1   BANK3   BANK2
      Params:         0       0       0       0       0
      Locals:         0       0       0       0       0
      Temps:          0       0       0       0       0
      Totals:         0       0       0       0       0
Total ram usage:        0 bytes
 Hardware stack levels used:    1
 Hardware stack levels required when called:    1
 This function calls:
		Nothing
 This function is called by:
		_main
 This function uses a non-reentrant model


 *************** function _adc_initialize *****************
 Defined at:
		line 28 in file "../../KJ/Project_6/adc.c"
 Parameters:    Size  Location     Type
		None
 Auto vars:     Size  Location     Type
		None
 Return value:  Size  Location     Type
		None               void
 Registers used:
		None
 Tracked objects:
		On entry : 
		On exit  : 
		Unchanged: 
 Data sizes:     COMMON   BANK0   BANK1   BANK3   BANK2
      Params:         0       0       0       0       0
      Locals:         0       0       0       0       0
      Temps:          0       0       0       0       0
      Totals:         0       0       0       0       0
Total ram usage:        0 bytes
 Hardware stack levels used:    1
 Hardware stack levels required when called:    1
 This function calls:
		Nothing
 This function is called by:
		_main
 This function uses a non-reentrant model


 *************** function ___lwtoft *****************
 Defined at:
		line 28 in file "C:\Program Files\Microchip\xc8\v1.34\sources\common\lwtoft.c"
 Parameters:    Size  Location     Type
  c               2    8[BANK0 ] unsigned int 
 Auto vars:     Size  Location     Type
		None
 Return value:  Size  Location     Type
                  3    8[BANK0 ] float 
 Registers used:
		wreg, status,2, status,0, pclath, cstack
 Tracked objects:
		On entry : 
		On exit  : 
		Unchanged: 
 Data sizes:     COMMON   BANK0   BANK1   BANK3   BANK2
      Params:         0       3       0       0       0
      Locals:         0       0       0       0       0
      Temps:          0       1       0       0       0
      Totals:         0       4       0       0       0
Total ram usage:        4 bytes
 Hardware stack levels used:    1
 Hardware stack levels required when called:    2
 This function calls:
		___ftpack
 This function is called by:
		_main
 This function uses a non-reentrant model


 *************** function ___fttol *****************
 Defined at:
		line 44 in file "C:\Program Files\Microchip\xc8\v1.34\sources\common\fttol.c"
 Parameters:    Size  Location     Type
  f1              3   44[BANK0 ] float 
 Auto vars:     Size  Location     Type
  lval            4   53[BANK0 ] unsigned long 
  exp1            1   57[BANK0 ] unsigned char 
  sign1           1   52[BANK0 ] unsigned char 
 Return value:  Size  Location     Type
                  4   44[BANK0 ] long 
 Registers used:
		wreg, status,2, status,0
 Tracked objects:
		On entry : 
		On exit  : 
		Unchanged: 
 Data sizes:     COMMON   BANK0   BANK1   BANK3   BANK2
      Params:         0       4       0       0       0
      Locals:         0       6       0       0       0
      Temps:          0       4       0       0       0
      Totals:         0      14       0       0       0
Total ram usage:       14 bytes
 Hardware stack levels used:    1
 Hardware stack levels required when called:    1
 This function calls:
		Nothing
 This function is called by:
		_main
 This function uses a non-reentrant model


 *************** function ___ftmul *****************
 Defined at:
		line 62 in file "C:\Program Files\Microchip\xc8\v1.34\sources\common\ftmul.c"
 Parameters:    Size  Location     Type
  f1              3   12[BANK0 ] float 
  f2              3   15[BANK0 ] float 
 Auto vars:     Size  Location     Type
  f3_as_produc    3   23[BANK0 ] unsigned um
  sign            1   27[BANK0 ] unsigned char 
  cntr            1   26[BANK0 ] unsigned char 
  exp             1   22[BANK0 ] unsigned char 
 Return value:  Size  Location     Type
                  3   12[BANK0 ] float 
 Registers used:
		wreg, status,2, status,0, pclath, cstack
 Tracked objects:
		On entry : 
		On exit  : 
		Unchanged: 
 Data sizes:     COMMON   BANK0   BANK1   BANK3   BANK2
      Params:         0       6       0       0       0
      Locals:         0       6       0       0       0
      Temps:          0       4       0       0       0
      Totals:         0      16       0       0       0
Total ram usage:       16 bytes
 Hardware stack levels used:    1
 Hardware stack levels required when called:    2
 This function calls:
		___ftpack
 This function is called by:
		_main
 This function uses a non-reentrant model


 *************** function ___ftdiv *****************
 Defined at:
		line 56 in file "C:\Program Files\Microchip\xc8\v1.34\sources\common\ftdiv.c"
 Parameters:    Size  Location     Type
  f2              3   28[BANK0 ] float 
  f1              3   31[BANK0 ] float 
 Auto vars:     Size  Location     Type
  f3              3   39[BANK0 ] float 
  sign            1   43[BANK0 ] unsigned char 
  exp             1   42[BANK0 ] unsigned char 
  cntr            1   38[BANK0 ] unsigned char 
 Return value:  Size  Location     Type
                  3   28[BANK0 ] float 
 Registers used:
		wreg, status,2, status,0, pclath, cstack
 Tracked objects:
		On entry : 
		On exit  : 
		Unchanged: 
 Data sizes:     COMMON   BANK0   BANK1   BANK3   BANK2
      Params:         0       6       0       0       0
      Locals:         0       6       0       0       0
      Temps:          0       4       0       0       0
      Totals:         0      16       0       0       0
Total ram usage:       16 bytes
 Hardware stack levels used:    1
 Hardware stack levels required when called:    2
 This function calls:
		___ftpack
 This function is called by:
		_main
 This function uses a non-reentrant model


 *************** function ___ftpack *****************
 Defined at:
		line 62 in file "C:\Program Files\Microchip\xc8\v1.34\sources\common\float.c"
 Parameters:    Size  Location     Type
  arg             3    0[BANK0 ] unsigned um
  exp             1    3[BANK0 ] unsigned char 
  sign            1    4[BANK0 ] unsigned char 
 Auto vars:     Size  Location     Type
		None
 Return value:  Size  Location     Type
                  3    0[BANK0 ] float 
 Registers used:
		wreg, status,2, status,0
 Tracked objects:
		On entry : 
		On exit  : 
		Unchanged: 
 Data sizes:     COMMON   BANK0   BANK1   BANK3   BANK2
      Params:         0       5       0       0       0
      Locals:         0       0       0       0       0
      Temps:          0       3       0       0       0
      Totals:         0       8       0       0       0
Total ram usage:        8 bytes
 Hardware stack levels used:    1
 Hardware stack levels required when called:    1
 This function calls:
		Nothing
 This function is called by:
		___ftdiv
		___ftmul
		___lwtoft
 This function uses a non-reentrant model


 *************** function _isr *****************
 Defined at:
		line 34 in file "../../Downloads/Project_6/H_RProject_6.c"
 Parameters:    Size  Location     Type
		None
 Auto vars:     Size  Location     Type
		None
 Return value:  Size  Location     Type
		None               void
 Registers used:
		wreg, status,2
 Tracked objects:
		On entry : 
		On exit  : 
		Unchanged: 
 Data sizes:     COMMON   BANK0   BANK1   BANK3   BANK2
      Params:         0       0       0       0       0
      Locals:         0       0       0       0       0
      Temps:          6       0       0       0       0
      Totals:         6       0       0       0       0
Total ram usage:        6 bytes
 Hardware stack levels used:    1
 This function calls:
		Nothing
 This function is called by:
		Interrupt level 1
 This function uses a non-reentrant model



MODULE INFORMATION

Module		Function		Class		Link	Load	Size
C:\Program Files\Microchip\xc8\v1.34\sources\common\float.c
		___ftpack      		CODE           	04EC	0000	111

C:\Program Files\Microchip\xc8\v1.34\sources\common\float.c estimated size: 111

C:\Program Files\Microchip\xc8\v1.34\sources\common\lwmod.c
		___lwmod       		CODE           	064A	0000	53

C:\Program Files\Microchip\xc8\v1.34\sources\common\lwmod.c estimated size: 53

../../KJ/Project_6/uart.c
		_uc_uart_receiv		CODE           	0791	0000	11
		_uart_initializ		CODE           	06FC	0000	37

../../KJ/Project_6/uart.c estimated size: 48

C:\Program Files\Microchip\xc8\v1.34\sources\common\lwtoft.c
		___lwtoft      		CODE           	0720	0000	25

C:\Program Files\Microchip\xc8\v1.34\sources\common\lwtoft.c estimated size: 25

../../KJ/Project_6/lcd.c
		_set_lcd_e     		CODE           	0762	0000	14
		_set_lcd_rs    		CODE           	0755	0000	14
		_lcd_2ndline   		CODE           	077B	0000	12
		_set_lcd_data  		CODE           	07A4	0000	7
		_lcd_putstr    		CODE           	05D5	0000	61
		_lcd_putchar   		CODE           	076F	0000	13
		_lcd_initialize		CODE           	0611	0000	58
		_lcd_clear     		CODE           	079B	0000	10
		_lcd_goto      		CODE           	0748	0000	14
		_lcd_bcd       		CODE           	02D8	0000	207
		_send_lcd_data 		CODE           	0598	0000	62
		_lcd_home      		CODE           	0786	0000	12

../../KJ/Project_6/lcd.c estimated size: 484

../../Downloads/Project_6/H_RProject_6.c
		_main          		CODE           	0031	0000	469
		_isr           		CODE           	06B0	0000	41

../../Downloads/Project_6/H_RProject_6.c estimated size: 510

C:\Program Files\Microchip\xc8\v1.34\sources\common\ftmul.c
		___ftmul       		CODE           	0205	0000	212

C:\Program Files\Microchip\xc8\v1.34\sources\common\ftmul.c estimated size: 212

C:\Program Files\Microchip\xc8\v1.34\sources\common\ftdiv.c
		___ftdiv       		CODE           	03A6	0000	185

C:\Program Files\Microchip\xc8\v1.34\sources\common\ftdiv.c estimated size: 185

C:\Program Files\Microchip\xc8\v1.34\sources\common\lwdiv.c
		___lwdiv       		CODE           	055A	0000	63

C:\Program Files\Microchip\xc8\v1.34\sources\common\lwdiv.c estimated size: 63

C:\Program Files\Microchip\xc8\v1.34\sources\common\fttol.c
		___fttol       		CODE           	045E	0000	143

C:\Program Files\Microchip\xc8\v1.34\sources\common\fttol.c estimated size: 143

shared
		__stringtab    		STRING         	06D8	0000	7
		__initializatio		CODE           	0015	0000	25

shared estimated size: 32

../../KJ/Project_6/adc.c
		_adc_initialize		CODE           	0738	0000	17
		_adc_on        		CODE           	07AA	0000	5
		_ui_adc_read   		CODE           	067E	0000	51

../../KJ/Project_6/adc.c estimated size: 73

