Microchip MPLAB XC8 Compiler V1.34 ()

Linker command line:

--edf=C:\Program Files\Microchip\xc8\v1.34\dat\en_msgs.txt -cs \
  -h+dist/default/production\LV-MaxSonar-1.X.production.sym \
  --cmf=dist/default/production\LV-MaxSonar-1.X.production.cmf -z -Q16F887 \
  -oC:\Users\KONGWA~1\AppData\Local\Temp\s3ic.6 \
  -Mdist/default/production/LV-MaxSonar-1.X.production.map -E1 -ver=XC8 \
  -ASTACK=0110h-016fh -pstack=STACK -ACODE=00h-07FFhx4 -ASTRCODE=00h-01FFFh \
  -ASTRING=00h-0FFhx32 -ACONST=00h-0FFhx32 -AENTRY=00h-0FFhx32 \
  -ACOMMON=070h-07Fh -ABANK0=020h-06Fh -ABANK1=0A0h-0EFh \
  -ABANK2=0110h-016Fh -ABANK3=0190h-01EFh \
  -ARAM=020h-06Fh,0A0h-0EFh,0110h-016Fh,0190h-01EFh \
  -AABS1=020h-07Fh,0A0h-0EFh,0110h-016Fh,0190h-01EFh -ASFR0=00h-01Fh \
  -ASFR1=080h-09Fh -ASFR2=0100h-010Fh -ASFR3=0180h-018Fh \
  -preset_vec=00h,intentry=04h,init,end_init -ppowerup=CODE -pcinit=CODE \
  -pfunctab=CODE -ACONFIG=02007h-02008h -pconfig=CONFIG -DCONFIG=2 \
  -AIDLOC=02000h-02003h -pidloc=IDLOC -DIDLOC=2 -AEEDATA=00h-0FFh/02100h \
  -peeprom_data=EEDATA -DEEDATA=2 -DCODE=2 -DSTRCODE=2 -DSTRING=2 -DCONST=2 \
  -DENTRY=2 -k C:\Users\KONGWA~1\AppData\Local\Temp\s3ic.obj \
  dist/default/production\LV-MaxSonar-1.X.production.obj 

Object code version is 3.11

Machine type is 16F887



                Name                               Link     Load   Length Selector   Space Scale
C:\Users\KONGWA~1\AppData\Local\Temp\s3ic.obj
                end_init                             12       12        3        8       0
                reset_vec                             0        0        3        0       0
                config                             2007     2007        1     400E       0
dist/default/production\LV-MaxSonar-1.X.production.obj
                cinit                                15       15        F        8       0
                intentry                              4        4        E        8       0
                text21                              3F4      3F4       28        8       0
                text20                              467      467       23      886       0
                text19                              48A      48A       10      886       0
                text18                              504      504        4      886       0
                text17                              29E      29E       3E        8       0
                text16                              38E      38E       34        8       0
                text15                              4FE      4FE        6      886       0
                text14                              4B4      4B4        D      886       0
                text13                              4A7      4A7        D      886       0
                text12                              2DC      2DC       3D        8       0
                text11                              4C1      4C1        C      886       0
                text10                              1D0      1D0       CE        8       0
                text9                               49A      49A        D      886       0
                text8                               4D8      4D8        B      886       0
                text7                               4ED      4ED        9      886       0
                text6                               355      355       39        8       0
                text5                               4CD      4CD        B      886       0
                text4                               319      319       3C        8       0
                text3                               443      443       24      886       0
                text2                               4E3      4E3        A      886       0
                text1                               3C2      3C2       32        8       0
                maintext                             24       24      1AC        8       0
                cstackBANK0                          20       20       2D       20       1
                cstackCOMMON                         70       70        6       70       1
                clrtext                             4F6      4F6        8      886       0
                bssBANK0                             4D       4D       12       20       1
                bssCOMMON                            76       76        4       70       1
                strings                             41C      41C       27      838       0

TOTAL           Name                               Link     Load   Length     Space
        CLASS   STACK          

        CLASS   CODE           
                end_init                             12       12        3         0
                cinit                                15       15        F         0
                intentry                              4        4        E         0
                reset_vec                             0        0        3         0
                text21                              3F4      3F4       28         0
                text20                              467      467       23         0
                text19                              48A      48A       10         0
                text18                              504      504        4         0
                text17                              29E      29E       3E         0
                text16                              38E      38E       34         0
                text15                              4FE      4FE        6         0
                text14                              4B4      4B4        D         0
                text13                              4A7      4A7        D         0
                text12                              2DC      2DC       3D         0
                text11                              4C1      4C1        C         0
                text10                              1D0      1D0       CE         0
                text9                               49A      49A        D         0
                text8                               4D8      4D8        B         0
                text7                               4ED      4ED        9         0
                text6                               355      355       39         0
                text5                               4CD      4CD        B         0
                text4                               319      319       3C         0
                text3                               443      443       24         0
                text2                               4E3      4E3        A         0
                text1                               3C2      3C2       32         0
                maintext                             24       24      1AC         0
                clrtext                             4F6      4F6        8         0

        CLASS   STRCODE        

        CLASS   STRING         
                strings                             41C      41C       27         0

        CLASS   CONST          

        CLASS   ENTRY          

        CLASS   COMMON         
                cstackCOMMON                         70       70        6         1
                bssCOMMON                            76       76        4         1

        CLASS   BANK0          
                cstackBANK0                          20       20       2D         1
                bssBANK0                             4D       4D       12         1

        CLASS   BANK1          

        CLASS   BANK2          

        CLASS   BANK3          

        CLASS   RAM            

        CLASS   ABS1           
                abs_s1                               7E       7E        2         1

        CLASS   SFR0           

        CLASS   SFR1           

        CLASS   SFR2           

        CLASS   SFR3           

        CLASS   CONFIG         
                config                             2007     2007        1         0

        CLASS   IDLOC          

        CLASS   EEDATA         



SEGMENTS        Name                           Load    Length   Top    Selector   Space  Class     Delta

                reset_vec                      000000  000003  000003         0       0  CODE        2
                intentry                       000004  000418  00041C         8       0  CODE        2
                cstackBANK0                    000020  00003F  00005F        20       1  BANK0       1
                cstackCOMMON                   000070  00000A  00007A        70       1  COMMON      1
                strings                        00041C  000027  000443       838       0  STRING      2
                text3                          000443  0000C5  000508       886       0  CODE        2
                config                         002007  000001  002008      400E       0  CONFIG      2


UNUSED ADDRESS RANGES

        Name                Unused          Largest block    Delta
        BANK0            005F-006F             11           1
        BANK1            00A0-00EF             50           1
        BANK2            0110-016F             60           1
        BANK3            0190-01EF             60           1
        CODE             0003-0003              1           2
                         0508-1FFF            800
        COMMON           007A-007D              4           1
        CONFIG           2008-2008              1           2
        CONST            0003-0003              1           2
                         0508-1FFF            100
        EEDATA           2100-21FF            100           2
        ENTRY            0003-0003              1           2
                         0508-1FFF            100
        IDLOC            2000-2003              4           2
        RAM              005F-006F             11           1
                         00A0-00EF             50
                         0110-016F             60
                         0190-01EF             60
        SFR0             0000-001F             20           1
        SFR1             0080-009F             20           1
        SFR2             0100-010F             10           1
        SFR3             0180-018F             10           1
        STACK            0110-016F             60           1
        STRCODE          0003-0003              1           2
                         0508-1FFF           1AF8
        STRING           0003-0003              1           2
                         0508-1FFF            100

                                  Symbol Table

?___lwdiv                 cstackBANK0  0026
?___lwmod                 cstackBANK0  0020
?___wmul                  cstackBANK0  0020
?_ui_adc_read             cstackBANK0  0020
_ADCS0                    (abs)        00FE
_ADCS1                    (abs)        00FF
_ADFM                     (abs)        04FF
_ADON                     (abs)        00F8
_ADRESH                   (abs)        001E
_ADRESL                   (abs)        009E
_ANS0                     (abs)        0C40
_ANSELH                   (abs)        0189
_BRG16                    (abs)        0C3B
_BRGH                     (abs)        04C2
_CHS0                     (abs)        00FA
_CHS1                     (abs)        00FB
_CHS2                     (abs)        00FC
_CREN                     (abs)        00C4
_GIE                      (abs)        005F
_GO                       (abs)        00F9
_IOCB0                    (abs)        04B0
_IOCB1                    (abs)        04B1
_IOCB2                    (abs)        04B2
_IOCB3                    (abs)        04B3
_IOCB4                    (abs)        04B4
_IOCB5                    (abs)        04B5
_IOCB6                    (abs)        04B6
_IOCB7                    (abs)        04B7
_OERR                     (abs)        00C1
_PEIE                     (abs)        005E
_PORTA                    (abs)        0005
_PORTB                    (abs)        0006
_PORTC                    (abs)        0007
_PORTD                    (abs)        0008
_PS0                      (abs)        0408
_PS1                      (abs)        0409
_PS2                      (abs)        040A
_PSA                      (abs)        040B
_RB0                      (abs)        0030
_RB2                      (abs)        0032
_RB4                      (abs)        0034
_RB5                      (abs)        0035
_RBIE                     (abs)        005B
_RBIF                     (abs)        0058
_RC6                      (abs)        003E
_RCIF                     (abs)        0065
_RCREG                    (abs)        001A
_RX9                      (abs)        00C6
_SPBRG                    (abs)        0099
_SPEN                     (abs)        00C7
_SYNC                     (abs)        04C4
_T0CS                     (abs)        040D
_T0IE                     (abs)        005D
_T0IF                     (abs)        005A
_TH                       bssBANK0     005D
_TMR0                     (abs)        0001
_TRISA                    (abs)        0085
_TRISB                    (abs)        0086
_TRISC                    (abs)        0087
_TRISD                    (abs)        0088
_TX9                      (abs)        04C6
_TXEN                     (abs)        04C5
_TXIF                     (abs)        0064
_TXREG                    (abs)        0019
_To                       bssCOMMON    0078
_VCFG0                    (abs)        04FC
_VCFG1                    (abs)        04FD
_WPUB                     (abs)        0095
__CFG_BOREN$OFF           (abs)        0000
__CFG_FOSC$HS             (abs)        0000
__CFG_LVP$OFF             (abs)        0000
__CFG_PWRTE$ON            (abs)        0000
__CFG_WDTE$OFF            (abs)        0000
__Habs1                   abs1         0000
__Hbank0                  bank0        0000
__Hbank1                  bank1        0000
__Hbank2                  bank2        0000
__Hbank3                  bank3        0000
__HbssBANK0               bssBANK0     0000
__HbssCOMMON              bssCOMMON    0000
__Hcinit                  cinit        0024
__Hclrtext                clrtext      0000
__Hcode                   code         0000
__Hcommon                 common       0000
__Hconfig                 config       2008
__HcstackBANK0            cstackBANK0  0000
__HcstackCOMMON           cstackCOMMON 0000
__Heeprom_data            eeprom_data  0000
__Hend_init               end_init     0015
__Hfunctab                functab      0000
__Hidloc                  idloc        0000
__Hinit                   init         0012
__Hintentry               intentry     0012
__Hmaintext               maintext     0000
__Hpowerup                powerup      0000
__Hram                    ram          0000
__Hreset_vec              reset_vec    0003
__Hsfr0                   sfr0         0000
__Hsfr1                   sfr1         0000
__Hsfr2                   sfr2         0000
__Hsfr3                   sfr3         0000
__Hspace_0                (abs)        2008
__Hspace_1                (abs)        007A
__Hspace_2                (abs)        0000
__Hspace_3                (abs)        0000
__Hstack                  stack        0000
__Hstrings                strings      0000
__Htext                   text         0000
__Labs1                   abs1         0000
__Lbank0                  bank0        0000
__Lbank1                  bank1        0000
__Lbank2                  bank2        0000
__Lbank3                  bank3        0000
__LbssBANK0               bssBANK0     0000
__LbssCOMMON              bssCOMMON    0000
__Lcinit                  cinit        0015
__Lclrtext                clrtext      0000
__Lcode                   code         0000
__Lcommon                 common       0000
__Lconfig                 config       2007
__LcstackBANK0            cstackBANK0  0000
__LcstackCOMMON           cstackCOMMON 0000
__Leeprom_data            eeprom_data  0000
__Lend_init               end_init     0012
__Lfunctab                functab      0000
__Lidloc                  idloc        0000
__Linit                   init         0012
__Lintentry               intentry     0004
__Lmaintext               maintext     0000
__Lpowerup                powerup      0000
__Lram                    ram          0000
__Lreset_vec              reset_vec    0000
__Lsfr0                   sfr0         0000
__Lsfr1                   sfr1         0000
__Lsfr2                   sfr2         0000
__Lsfr3                   sfr3         0000
__Lspace_0                (abs)        0000
__Lspace_1                (abs)        0000
__Lspace_2                (abs)        0000
__Lspace_3                (abs)        0000
__Lstack                  stack        0000
__Lstrings                strings      0000
__Ltext                   text         0000
__S0                      (abs)        2008
__S1                      (abs)        007A
__S2                      (abs)        0000
__S3                      (abs)        0000
___int_sp                 stack        0000
___latbits                (abs)        0002
___lwdiv                  text17       029E
___lwdiv@counter          cstackBANK0  002D
___lwdiv@dividend         cstackBANK0  0028
___lwdiv@divisor          cstackBANK0  0026
___lwdiv@quotient         cstackBANK0  002B
___lwmod                  text16       038E
___lwmod@counter          cstackBANK0  0025
___lwmod@dividend         cstackBANK0  0022
___lwmod@divisor          cstackBANK0  0020
___sp                     stack        0000
___wmul                   text20       0467
___wmul@multiplicand      cstackBANK0  0022
___wmul@multiplier        cstackBANK0  0020
___wmul@product           cstackBANK0  0024
__end_of___lwdiv          text17       02DC
__end_of___lwmod          text16       03C2
__end_of___wmul           text20       048A
__end_of__initialization  cinit        0020
__end_of__stringtab       strings      0422
__end_of_adc_initialize   text19       049A
__end_of_adc_on           text18       0508
__end_of_isr              text21       041C
__end_of_lcd_2ndline      text5        04D8
__end_of_lcd_bcd          text10       029E
__end_of_lcd_clear        text7        04F6
__end_of_lcd_goto         text9        04A7
__end_of_lcd_home         text8        04E3
__end_of_lcd_initialize   text6        038E
__end_of_lcd_putchar      text11       04CD
__end_of_lcd_putstr       text4        0355
__end_of_main             maintext     01D0
__end_of_send_lcd_data    text12       0319
__end_of_set_lcd_data     text15       0504
__end_of_set_lcd_e        text14       04C1
__end_of_set_lcd_rs       text13       04B4
__end_of_uart_initialize  text3        0467
__end_of_uc_uart_receive  text2        04ED
__end_of_ui_adc_read      text1        03F4
__initialization          cinit        0015
__pbssBANK0               bssBANK0     004D
__pbssCOMMON              bssCOMMON    0076
__pcstackBANK0            cstackBANK0  0020
__pcstackCOMMON           cstackCOMMON 0070
__pintentry               intentry     0004
__pmaintext               maintext     0024
__pstrings                strings      041C
__ptext1                  text1        03C2
__ptext10                 text10       01D0
__ptext11                 text11       04C1
__ptext12                 text12       02DC
__ptext13                 text13       04A7
__ptext14                 text14       04B4
__ptext15                 text15       04FE
__ptext16                 text16       038E
__ptext17                 text17       029E
__ptext18                 text18       0504
__ptext19                 text19       048A
__ptext2                  text2        04E3
__ptext20                 text20       0467
__ptext21                 text21       03F4
__ptext3                  text3        0443
__ptext4                  text4        0319
__ptext5                  text5        04CD
__ptext6                  text6        0355
__ptext7                  text7        04ED
__ptext8                  text8        04D8
__ptext9                  text9        049A
__size_of___lwdiv         (abs)        0000
__size_of___lwmod         (abs)        0000
__size_of___wmul          (abs)        0000
__size_of_adc_initialize  (abs)        0000
__size_of_adc_on          (abs)        0000
__size_of_isr             (abs)        0000
__size_of_lcd_2ndline     (abs)        0000
__size_of_lcd_bcd         (abs)        0000
__size_of_lcd_clear       (abs)        0000
__size_of_lcd_goto        (abs)        0000
__size_of_lcd_home        (abs)        0000
__size_of_lcd_initialize  (abs)        0000
__size_of_lcd_putchar     (abs)        0000
__size_of_lcd_putstr      (abs)        0000
__size_of_main            (abs)        0000
__size_of_send_lcd_data   (abs)        0000
__size_of_set_lcd_data    (abs)        0000
__size_of_set_lcd_e       (abs)        0000
__size_of_set_lcd_rs      (abs)        0000
__size_of_uart_initialize (abs)        0000
__size_of_uc_uart_receive (abs)        0000
__size_of_ui_adc_read     (abs)        0000
__stringbase              strings      0421
__stringtab               strings      041C
_adc_initialize           text19       048A
_adc_on                   text18       0504
_data                     bssBANK0     0057
_isr                      text21       03F4
_lcd_2ndline              text5        04CD
_lcd_bcd                  text10       01D0
_lcd_clear                text7        04ED
_lcd_goto                 text9        049A
_lcd_home                 text8        04D8
_lcd_initialize           text6        0355
_lcd_putchar              text11       04C1
_lcd_putstr               text4        0319
_main                     maintext     0024
_send_lcd_data            text12       02DC
_set_lcd_data             text15       04FE
_set_lcd_e                text14       04B4
_set_lcd_rs               text13       04A7
_uart_initialize          text3        0443
_uc_uart_receive          text2        04E3
_ui_adc_read              text1        03C2
btemp                     (abs)        007E
clear_ram0                clrtext      04F6
end_of_initialization     cinit        0020
interrupt_function        intentry     0004
intlevel0                 functab      0000
intlevel1                 functab      0000
intlevel2                 functab      0000
intlevel3                 functab      0000
intlevel4                 functab      0000
intlevel5                 functab      0000
lcd_bcd@F1683             bssBANK0     004D
lcd_bcd@uc_digit          cstackBANK0  003E
lcd_bcd@ui_decimal        cstackBANK0  0034
lcd_bcd@ui_number         cstackBANK0  002E
lcd_goto@uc_position      cstackBANK0  0026
lcd_putchar@c_data        cstackBANK0  0026
lcd_putstr@csz_string     cstackBANK0  0028
ltemp                     (abs)        007E
ltemp0                    (abs)        007E
ltemp1                    (abs)        0082
ltemp2                    (abs)        0086
ltemp3                    (abs)        0080
main@adc_value            cstackBANK0  004B
main@j                    cstackBANK0  0046
main@k                    cstackBANK0  0047
main@l                    cstackBANK0  0049
main@mode                 cstackBANK0  0045
main@range_an             cstackBANK0  0041
main@range_pwm            cstackBANK0  0043
reset_vec                 reset_vec    0000
saved_w                   (abs)        007E
send_lcd_data@b_rs        cstackBANK0  0024
send_lcd_data@uc_data     cstackBANK0  0021
set_lcd_data@uc_data      cstackBANK0  0020
set_lcd_e@b_output        cstackBANK0  0020
set_lcd_rs@b_output       cstackBANK0  0020
stackhi                   (abs)        0000
stacklo                   (abs)        0000
start                     init         0012
start_initialization      cinit        0015
ttemp                     (abs)        007E
ttemp0                    (abs)        007E
ttemp1                    (abs)        0081
ttemp2                    (abs)        0084
ttemp3                    (abs)        0087
ttemp4                    (abs)        007F
uart_initialize@dummy     cstackBANK0  0021
ui_adc_read@pot           cstackBANK0  0024
wtemp                     (abs)        007E
wtemp0                    (abs)        007E
wtemp1                    (abs)        0080
wtemp2                    (abs)        0082
wtemp3                    (abs)        0084
wtemp4                    (abs)        0086
wtemp5                    (abs)        0088
wtemp6                    (abs)        007F


FUNCTION INFORMATION:

 *************** function _main *****************
 Defined at:
		line 58 in file "../../KJ/Project_6/HRProject_6.c"
 Parameters:    Size  Location     Type
		None
 Auto vars:     Size  Location     Type
  adc_value       2   43[BANK0 ] unsigned int 
  range_an        2   33[BANK0 ] unsigned int 
  j               1   38[BANK0 ] unsigned char 
  l               2   41[BANK0 ] unsigned int 
  k               2   39[BANK0 ] unsigned int 
  range_pwm       2   35[BANK0 ] unsigned int 
  value           2    0        unsigned int 
  mode            1   37[BANK0 ] unsigned char 
 Return value:  Size  Location     Type
		None               void
 Registers used:
		wreg, fsr0l, fsr0h, status,2, status,0, btemp+1, pclath, cstack
 Tracked objects:
		On entry : 
		On exit  : 
		Unchanged: 
 Data sizes:     COMMON   BANK0   BANK1   BANK3   BANK2
      Params:         0       0       0       0       0
      Locals:         0      12       0       0       0
      Temps:          0       2       0       0       0
      Totals:         0      14       0       0       0
Total ram usage:       14 bytes
 Hardware stack levels required when called:    5
 This function calls:
		___lwdiv
		___wmul
		_adc_initialize
		_adc_on
		_lcd_2ndline
		_lcd_bcd
		_lcd_goto
		_lcd_home
		_lcd_initialize
		_lcd_putstr
		_send_lcd_data
		_uart_initialize
		_uc_uart_receive
		_ui_adc_read
 This function is called by:
		Startup code after reset
 This function uses a non-reentrant model


 *************** function _ui_adc_read *****************
 Defined at:
		line 105 in file "../../KJ/Project_6/adc.c"
 Parameters:    Size  Location     Type
		None
 Auto vars:     Size  Location     Type
  pot             2    4[BANK0 ] unsigned int 
 Return value:  Size  Location     Type
                  2    0[BANK0 ] unsigned int 
 Registers used:
		wreg, status,2, btemp+1
 Tracked objects:
		On entry : 
		On exit  : 
		Unchanged: 
 Data sizes:     COMMON   BANK0   BANK1   BANK3   BANK2
      Params:         0       2       0       0       0
      Locals:         0       2       0       0       0
      Temps:          0       2       0       0       0
      Totals:         0       6       0       0       0
Total ram usage:        6 bytes
 Hardware stack levels used:    1
 Hardware stack levels required when called:    1
 This function calls:
		Nothing
 This function is called by:
		_main
 This function uses a non-reentrant model


 *************** function _uc_uart_receive *****************
 Defined at:
		line 87 in file "../../KJ/Project_6/uart.c"
 Parameters:    Size  Location     Type
		None
 Auto vars:     Size  Location     Type
		None
 Return value:  Size  Location     Type
                  1    wreg      unsigned char 
 Registers used:
		wreg
 Tracked objects:
		On entry : 
		On exit  : 
		Unchanged: 
 Data sizes:     COMMON   BANK0   BANK1   BANK3   BANK2
      Params:         0       0       0       0       0
      Locals:         0       0       0       0       0
      Temps:          0       0       0       0       0
      Totals:         0       0       0       0       0
Total ram usage:        0 bytes
 Hardware stack levels used:    1
 Hardware stack levels required when called:    1
 This function calls:
		Nothing
 This function is called by:
		_main
 This function uses a non-reentrant model


 *************** function _uart_initialize *****************
 Defined at:
		line 28 in file "../../KJ/Project_6/uart.c"
 Parameters:    Size  Location     Type
		None
 Auto vars:     Size  Location     Type
  dummy           1    1[BANK0 ] unsigned char 
 Return value:  Size  Location     Type
		None               void
 Registers used:
		wreg, status,2
 Tracked objects:
		On entry : 
		On exit  : 
		Unchanged: 
 Data sizes:     COMMON   BANK0   BANK1   BANK3   BANK2
      Params:         0       0       0       0       0
      Locals:         0       1       0       0       0
      Temps:          0       1       0       0       0
      Totals:         0       2       0       0       0
Total ram usage:        2 bytes
 Hardware stack levels used:    1
 Hardware stack levels required when called:    1
 This function calls:
		Nothing
 This function is called by:
		_main
 This function uses a non-reentrant model


 *************** function _lcd_putstr *****************
 Defined at:
		line 241 in file "../../KJ/Project_6/lcd.c"
 Parameters:    Size  Location     Type
  csz_string      1    wreg     PTR const unsigned char 
		 -> STR_5(8), STR_4(7), STR_3(7), STR_2(5), 
		 -> STR_1(6), 
 Auto vars:     Size  Location     Type
  csz_string      1    8[BANK0 ] PTR const unsigned char 
		 -> STR_5(8), STR_4(7), STR_3(7), STR_2(5), 
		 -> STR_1(6), 
 Return value:  Size  Location     Type
		None               void
 Registers used:
		wreg, fsr0l, fsr0h, status,2, status,0, pclath, cstack
 Tracked objects:
		On entry : 
		On exit  : 
		Unchanged: 
 Data sizes:     COMMON   BANK0   BANK1   BANK3   BANK2
      Params:         0       0       0       0       0
      Locals:         0       1       0       0       0
      Temps:          0       1       0       0       0
      Totals:         0       2       0       0       0
Total ram usage:        2 bytes
 Hardware stack levels used:    1
 Hardware stack levels required when called:    4
 This function calls:
		_lcd_2ndline
		_lcd_putchar
 This function is called by:
		_main
 This function uses a non-reentrant model


 *************** function _lcd_2ndline *****************
 Defined at:
		line 178 in file "../../KJ/Project_6/lcd.c"
 Parameters:    Size  Location     Type
		None
 Auto vars:     Size  Location     Type
		None
 Return value:  Size  Location     Type
		None               void
 Registers used:
		wreg, status,2, status,0, pclath, cstack
 Tracked objects:
		On entry : 
		On exit  : 
		Unchanged: 
 Data sizes:     COMMON   BANK0   BANK1   BANK3   BANK2
      Params:         0       0       0       0       0
      Locals:         0       0       0       0       0
      Temps:          0       1       0       0       0
      Totals:         0       1       0       0       0
Total ram usage:        1 bytes
 Hardware stack levels used:    1
 Hardware stack levels required when called:    3
 This function calls:
		_send_lcd_data
 This function is called by:
		_lcd_putstr
		_main
 This function uses a non-reentrant model


 *************** function _lcd_initialize *****************
 Defined at:
		line 100 in file "../../KJ/Project_6/lcd.c"
 Parameters:    Size  Location     Type
		None
 Auto vars:     Size  Location     Type
		None
 Return value:  Size  Location     Type
		None               void
 Registers used:
		wreg, status,2, status,0, pclath, cstack
 Tracked objects:
		On entry : 
		On exit  : 
		Unchanged: 
 Data sizes:     COMMON   BANK0   BANK1   BANK3   BANK2
      Params:         0       0       0       0       0
      Locals:         0       0       0       0       0
      Temps:          0       2       0       0       0
      Totals:         0       2       0       0       0
Total ram usage:        2 bytes
 Hardware stack levels used:    1
 Hardware stack levels required when called:    4
 This function calls:
		_lcd_clear
		_send_lcd_data
		_set_lcd_e
 This function is called by:
		_main
 This function uses a non-reentrant model


 *************** function _lcd_clear *****************
 Defined at:
		line 136 in file "../../KJ/Project_6/lcd.c"
 Parameters:    Size  Location     Type
		None
 Auto vars:     Size  Location     Type
		None
 Return value:  Size  Location     Type
		None               void
 Registers used:
		wreg, status,2, status,0, pclath, cstack
 Tracked objects:
		On entry : 
		On exit  : 
		Unchanged: 
 Data sizes:     COMMON   BANK0   BANK1   BANK3   BANK2
      Params:         0       0       0       0       0
      Locals:         0       0       0       0       0
      Temps:          0       0       0       0       0
      Totals:         0       0       0       0       0
Total ram usage:        0 bytes
 Hardware stack levels used:    1
 Hardware stack levels required when called:    3
 This function calls:
		_send_lcd_data
 This function is called by:
		_lcd_initialize
 This function uses a non-reentrant model


 *************** function _lcd_home *****************
 Defined at:
		line 157 in file "../../KJ/Project_6/lcd.c"
 Parameters:    Size  Location     Type
		None
 Auto vars:     Size  Location     Type
		None
 Return value:  Size  Location     Type
		None               void
 Registers used:
		wreg, status,2, status,0, pclath, cstack
 Tracked objects:
		On entry : 
		On exit  : 
		Unchanged: 
 Data sizes:     COMMON   BANK0   BANK1   BANK3   BANK2
      Params:         0       0       0       0       0
      Locals:         0       0       0       0       0
      Temps:          0       1       0       0       0
      Totals:         0       1       0       0       0
Total ram usage:        1 bytes
 Hardware stack levels used:    1
 Hardware stack levels required when called:    3
 This function calls:
		_send_lcd_data
 This function is called by:
		_main
 This function uses a non-reentrant model


 *************** function _lcd_goto *****************
 Defined at:
		line 199 in file "../../KJ/Project_6/lcd.c"
 Parameters:    Size  Location     Type
  uc_position     1    wreg     unsigned char 
 Auto vars:     Size  Location     Type
  uc_position     1    6[BANK0 ] unsigned char 
 Return value:  Size  Location     Type
		None               void
 Registers used:
		wreg, status,2, status,0, pclath, cstack
 Tracked objects:
		On entry : 
		On exit  : 
		Unchanged: 
 Data sizes:     COMMON   BANK0   BANK1   BANK3   BANK2
      Params:         0       0       0       0       0
      Locals:         0       1       0       0       0
      Temps:          0       1       0       0       0
      Totals:         0       2       0       0       0
Total ram usage:        2 bytes
 Hardware stack levels used:    1
 Hardware stack levels required when called:    3
 This function calls:
		_send_lcd_data
 This function is called by:
		_main
 This function uses a non-reentrant model


 *************** function _lcd_bcd *****************
 Defined at:
		line 274 in file "../../KJ/Project_6/lcd.c"
 Parameters:    Size  Location     Type
  uc_digit        1    wreg     unsigned char 
  ui_number       2   14[BANK0 ] unsigned int 
 Auto vars:     Size  Location     Type
  uc_digit        1   30[BANK0 ] unsigned char 
  ui_decimal     10   20[BANK0 ] unsigned int [5]
 Return value:  Size  Location     Type
		None               void
 Registers used:
		wreg, fsr0l, fsr0h, status,2, status,0, pclath, cstack
 Tracked objects:
		On entry : 
		On exit  : 
		Unchanged: 
 Data sizes:     COMMON   BANK0   BANK1   BANK3   BANK2
      Params:         0       2       0       0       0
      Locals:         0      11       0       0       0
      Temps:          0       4       0       0       0
      Totals:         0      17       0       0       0
Total ram usage:       17 bytes
 Hardware stack levels used:    1
 Hardware stack levels required when called:    4
 This function calls:
		___lwdiv
		___lwmod
		_lcd_putchar
 This function is called by:
		_main
 This function uses a non-reentrant model


 *************** function _lcd_putchar *****************
 Defined at:
		line 220 in file "../../KJ/Project_6/lcd.c"
 Parameters:    Size  Location     Type
  c_data          1    wreg     unsigned char 
 Auto vars:     Size  Location     Type
  c_data          1    6[BANK0 ] unsigned char 
 Return value:  Size  Location     Type
		None               void
 Registers used:
		wreg, status,2, status,0, pclath, cstack
 Tracked objects:
		On entry : 
		On exit  : 
		Unchanged: 
 Data sizes:     COMMON   BANK0   BANK1   BANK3   BANK2
      Params:         0       0       0       0       0
      Locals:         0       1       0       0       0
      Temps:          0       1       0       0       0
      Totals:         0       2       0       0       0
Total ram usage:        2 bytes
 Hardware stack levels used:    1
 Hardware stack levels required when called:    3
 This function calls:
		_send_lcd_data
 This function is called by:
		_lcd_putstr
		_lcd_bcd
 This function uses a non-reentrant model


 *************** function _send_lcd_data *****************
 Defined at:
		line 308 in file "../../KJ/Project_6/lcd.c"
 Parameters:    Size  Location     Type
  b_rs            1    wreg     unsigned char 
  uc_data         1    1[BANK0 ] unsigned char 
 Auto vars:     Size  Location     Type
  b_rs            1    4[BANK0 ] unsigned char 
 Return value:  Size  Location     Type
		None               void
 Registers used:
		wreg, status,2, status,0, pclath, cstack
 Tracked objects:
		On entry : 
		On exit  : 
		Unchanged: 
 Data sizes:     COMMON   BANK0   BANK1   BANK3   BANK2
      Params:         0       1       0       0       0
      Locals:         0       1       0       0       0
      Temps:          0       2       0       0       0
      Totals:         0       4       0       0       0
Total ram usage:        4 bytes
 Hardware stack levels used:    1
 Hardware stack levels required when called:    2
 This function calls:
		_set_lcd_data
		_set_lcd_e
		_set_lcd_rs
 This function is called by:
		_lcd_initialize
		_lcd_clear
		_lcd_home
		_lcd_2ndline
		_lcd_goto
		_lcd_putchar
		_main
 This function uses a non-reentrant model


 *************** function _set_lcd_rs *****************
 Defined at:
		line 360 in file "../../KJ/Project_6/lcd.c"
 Parameters:    Size  Location     Type
  b_output        1    wreg     unsigned char 
 Auto vars:     Size  Location     Type
  b_output        1    0[BANK0 ] unsigned char 
 Return value:  Size  Location     Type
		None               void
 Registers used:
		wreg
 Tracked objects:
		On entry : 
		On exit  : 
		Unchanged: 
 Data sizes:     COMMON   BANK0   BANK1   BANK3   BANK2
      Params:         0       0       0       0       0
      Locals:         0       1       0       0       0
      Temps:          0       0       0       0       0
      Totals:         0       1       0       0       0
Total ram usage:        1 bytes
 Hardware stack levels used:    1
 Hardware stack levels required when called:    1
 This function calls:
		Nothing
 This function is called by:
		_send_lcd_data
 This function uses a non-reentrant model


 *************** function _set_lcd_e *****************
 Defined at:
		line 340 in file "../../KJ/Project_6/lcd.c"
 Parameters:    Size  Location     Type
  b_output        1    wreg     unsigned char 
 Auto vars:     Size  Location     Type
  b_output        1    0[BANK0 ] unsigned char 
 Return value:  Size  Location     Type
		None               void
 Registers used:
		wreg
 Tracked objects:
		On entry : 
		On exit  : 
		Unchanged: 
 Data sizes:     COMMON   BANK0   BANK1   BANK3   BANK2
      Params:         0       0       0       0       0
      Locals:         0       1       0       0       0
      Temps:          0       0       0       0       0
      Totals:         0       1       0       0       0
Total ram usage:        1 bytes
 Hardware stack levels used:    1
 Hardware stack levels required when called:    1
 This function calls:
		Nothing
 This function is called by:
		_lcd_initialize
		_send_lcd_data
 This function uses a non-reentrant model


 *************** function _set_lcd_data *****************
 Defined at:
		line 380 in file "../../KJ/Project_6/lcd.c"
 Parameters:    Size  Location     Type
  uc_data         1    wreg     unsigned char 
 Auto vars:     Size  Location     Type
  uc_data         1    0[BANK0 ] unsigned char 
 Return value:  Size  Location     Type
		None               void
 Registers used:
		wreg
 Tracked objects:
		On entry : 
		On exit  : 
		Unchanged: 
 Data sizes:     COMMON   BANK0   BANK1   BANK3   BANK2
      Params:         0       0       0       0       0
      Locals:         0       1       0       0       0
      Temps:          0       0       0       0       0
      Totals:         0       1       0       0       0
Total ram usage:        1 bytes
 Hardware stack levels used:    1
 Hardware stack levels required when called:    1
 This function calls:
		Nothing
 This function is called by:
		_send_lcd_data
 This function uses a non-reentrant model


 *************** function ___lwmod *****************
 Defined at:
		line 6 in file "C:\Program Files\Microchip\xc8\v1.34\sources\common\lwmod.c"
 Parameters:    Size  Location     Type
  divisor         2    0[BANK0 ] unsigned int 
  dividend        2    2[BANK0 ] unsigned int 
 Auto vars:     Size  Location     Type
  counter         1    5[BANK0 ] unsigned char 
 Return value:  Size  Location     Type
                  2    0[BANK0 ] unsigned int 
 Registers used:
		wreg, status,2, status,0
 Tracked objects:
		On entry : 
		On exit  : 
		Unchanged: 
 Data sizes:     COMMON   BANK0   BANK1   BANK3   BANK2
      Params:         0       4       0       0       0
      Locals:         0       1       0       0       0
      Temps:          0       1       0       0       0
      Totals:         0       6       0       0       0
Total ram usage:        6 bytes
 Hardware stack levels used:    1
 Hardware stack levels required when called:    1
 This function calls:
		Nothing
 This function is called by:
		_lcd_bcd
 This function uses a non-reentrant model


 *************** function ___lwdiv *****************
 Defined at:
		line 6 in file "C:\Program Files\Microchip\xc8\v1.34\sources\common\lwdiv.c"
 Parameters:    Size  Location     Type
  divisor         2    6[BANK0 ] unsigned int 
  dividend        2    8[BANK0 ] unsigned int 
 Auto vars:     Size  Location     Type
  quotient        2   11[BANK0 ] unsigned int 
  counter         1   13[BANK0 ] unsigned char 
 Return value:  Size  Location     Type
                  2    6[BANK0 ] unsigned int 
 Registers used:
		wreg, status,2, status,0
 Tracked objects:
		On entry : 
		On exit  : 
		Unchanged: 
 Data sizes:     COMMON   BANK0   BANK1   BANK3   BANK2
      Params:         0       4       0       0       0
      Locals:         0       3       0       0       0
      Temps:          0       1       0       0       0
      Totals:         0       8       0       0       0
Total ram usage:        8 bytes
 Hardware stack levels used:    1
 Hardware stack levels required when called:    1
 This function calls:
		Nothing
 This function is called by:
		_lcd_bcd
		_main
 This function uses a non-reentrant model


 *************** function _adc_on *****************
 Defined at:
		line 62 in file "../../KJ/Project_6/adc.c"
 Parameters:    Size  Location     Type
		None
 Auto vars:     Size  Location     Type
		None
 Return value:  Size  Location     Type
		None               void
 Registers used:
		None
 Tracked objects:
		On entry : 
		On exit  : 
		Unchanged: 
 Data sizes:     COMMON   BANK0   BANK1   BANK3   BANK2
      Params:         0       0       0       0       0
      Locals:         0       0       0       0       0
      Temps:          0       0       0       0       0
      Totals:         0       0       0       0       0
Total ram usage:        0 bytes
 Hardware stack levels used:    1
 Hardware stack levels required when called:    1
 This function calls:
		Nothing
 This function is called by:
		_main
 This function uses a non-reentrant model


 *************** function _adc_initialize *****************
 Defined at:
		line 28 in file "../../KJ/Project_6/adc.c"
 Parameters:    Size  Location     Type
		None
 Auto vars:     Size  Location     Type
		None
 Return value:  Size  Location     Type
		None               void
 Registers used:
		None
 Tracked objects:
		On entry : 
		On exit  : 
		Unchanged: 
 Data sizes:     COMMON   BANK0   BANK1   BANK3   BANK2
      Params:         0       0       0       0       0
      Locals:         0       0       0       0       0
      Temps:          0       0       0       0       0
      Totals:         0       0       0       0       0
Total ram usage:        0 bytes
 Hardware stack levels used:    1
 Hardware stack levels required when called:    1
 This function calls:
		Nothing
 This function is called by:
		_main
 This function uses a non-reentrant model


 *************** function ___wmul *****************
 Defined at:
		line 15 in file "C:\Program Files\Microchip\xc8\v1.34\sources\common\Umul16.c"
 Parameters:    Size  Location     Type
  multiplier      2    0[BANK0 ] unsigned int 
  multiplicand    2    2[BANK0 ] unsigned int 
 Auto vars:     Size  Location     Type
  product         2    4[BANK0 ] unsigned int 
 Return value:  Size  Location     Type
                  2    0[BANK0 ] unsigned int 
 Registers used:
		wreg, status,2, status,0
 Tracked objects:
		On entry : 
		On exit  : 
		Unchanged: 
 Data sizes:     COMMON   BANK0   BANK1   BANK3   BANK2
      Params:         0       4       0       0       0
      Locals:         0       2       0       0       0
      Temps:          0       0       0       0       0
      Totals:         0       6       0       0       0
Total ram usage:        6 bytes
 Hardware stack levels used:    1
 Hardware stack levels required when called:    1
 This function calls:
		Nothing
 This function is called by:
		_main
 This function uses a non-reentrant model


 *************** function _isr *****************
 Defined at:
		line 35 in file "../../KJ/Project_6/HRProject_6.c"
 Parameters:    Size  Location     Type
		None
 Auto vars:     Size  Location     Type
		None
 Return value:  Size  Location     Type
		None               void
 Registers used:
		wreg, status,2
 Tracked objects:
		On entry : 
		On exit  : 
		Unchanged: 
 Data sizes:     COMMON   BANK0   BANK1   BANK3   BANK2
      Params:         0       0       0       0       0
      Locals:         0       0       0       0       0
      Temps:          6       0       0       0       0
      Totals:         6       0       0       0       0
Total ram usage:        6 bytes
 Hardware stack levels used:    1
 This function calls:
		Nothing
 This function is called by:
		Interrupt level 1
 This function uses a non-reentrant model



MODULE INFORMATION

Module		Function		Class		Link	Load	Size
C:\Program Files\Microchip\xc8\v1.34\sources\common\lwmod.c
		___lwmod       		CODE           	038E	0000	53

C:\Program Files\Microchip\xc8\v1.34\sources\common\lwmod.c estimated size: 53

../../KJ/Project_6/uart.c
		_uc_uart_receiv		CODE           	04E3	0000	11
		_uart_initializ		CODE           	0443	0000	37

../../KJ/Project_6/uart.c estimated size: 48

../../KJ/Project_6/lcd.c
		_set_lcd_e     		CODE           	04B4	0000	14
		_set_lcd_rs    		CODE           	04A7	0000	14
		_lcd_2ndline   		CODE           	04CD	0000	12
		_set_lcd_data  		CODE           	04FE	0000	7
		_lcd_putstr    		CODE           	0319	0000	61
		_lcd_putchar   		CODE           	04C1	0000	13
		_lcd_initialize		CODE           	0355	0000	58
		_lcd_clear     		CODE           	04ED	0000	10
		_lcd_goto      		CODE           	049A	0000	14
		_lcd_bcd       		CODE           	01D0	0000	207
		_send_lcd_data 		CODE           	02DC	0000	62
		_lcd_home      		CODE           	04D8	0000	12

../../KJ/Project_6/lcd.c estimated size: 484

C:\Program Files\Microchip\xc8\v1.34\sources\common\lwdiv.c
		___lwdiv       		CODE           	029E	0000	63

C:\Program Files\Microchip\xc8\v1.34\sources\common\lwdiv.c estimated size: 63

../../KJ/Project_6/HRProject_6.c
		_main          		CODE           	0024	0000	429
		_isr           		CODE           	03F4	0000	41

../../KJ/Project_6/HRProject_6.c estimated size: 470

C:\Program Files\Microchip\xc8\v1.34\sources\common\Umul16.c
		___wmul        		CODE           	0467	0000	36

C:\Program Files\Microchip\xc8\v1.34\sources\common\Umul16.c estimated size: 36

shared
		__stringtab    		STRING         	041C	0000	7
		__initializatio		CODE           	0015	0000	12

shared estimated size: 19

../../KJ/Project_6/adc.c
		_adc_initialize		CODE           	048A	0000	17
		_adc_on        		CODE           	0504	0000	5
		_ui_adc_read   		CODE           	03C2	0000	51

../../KJ/Project_6/adc.c estimated size: 73

